[peacefulqode.co.in/themes/agritex/index.html]
[backblue.gif]
[fade.gif]
[index.html]
[peacefulqode.co.in/themes/agritex/image/favicon/favicon.png]
[peacefulqode.co.in/themes/agritex/css/bootstrap.min.css]
[peacefulqode.co.in/themes/agritex/rev/css/rs6.css]
[peacefulqode.co.in/themes/agritex/css/animations.min.css]
[peacefulqode.co.in/themes/agritex/css/owl.carousel.css]
[peacefulqode.co.in/themes/agritex/css/magnific-popup.min.css]
[peacefulqode.co.in/themes/agritex/font/flaticons_1/flaticon_agriculture.css]
[peacefulqode.co.in/themes/agritex/font/flaticons_2/flaticon_mycollection.css]
[peacefulqode.co.in/themes/agritex/font/ionicons/ionicons.min.css]
[peacefulqode.co.in/themes/agritex/font/themify-icons/themify-icons.css]
[peacefulqode.co.in/themes/agritex/font/font-awesome/css/all.min.css]
[peacefulqode.co.in/themes/agritex/css/style.css]
[peacefulqode.co.in/themes/agritex/image/logo/logo-1.png]
[peacefulqode.co.in/themes/agritex/index-2.html]
[peacefulqode.co.in/themes/agritex/index-3.html]
[peacefulqode.co.in/themes/agritex/index-4.html]
[peacefulqode.co.in/themes/agritex/about-us.html]
[peacefulqode.co.in/themes/agritex/our-service.html]
[peacefulqode.co.in/themes/agritex/our-farmers.html]
[peacefulqode.co.in/themes/agritex/farm-gallery.html]
[peacefulqode.co.in/themes/agritex/our-history.html]
[peacefulqode.co.in/themes/agritex/pricing-plan.html]
[peacefulqode.co.in/themes/agritex/faq.html]
[peacefulqode.co.in/themes/agritex/404.html]
[peacefulqode.co.in/themes/agritex/stander.html]
[peacefulqode.co.in/themes/agritex/masonery.html]
[peacefulqode.co.in/themes/agritex/3-column.html]
[peacefulqode.co.in/themes/agritex/4-column.html]
[peacefulqode.co.in/themes/agritex/portfolio-details.html]
[peacefulqode.co.in/themes/agritex/blog-grid.html]
[peacefulqode.co.in/themes/agritex/blog-list.html]
[peacefulqode.co.in/themes/agritex/blog-sidebar-right-sidebar.html]
[peacefulqode.co.in/themes/agritex/blog-sidebar-left-sidebar.html]
[peacefulqode.co.in/themes/agritex/blog-single.html]
[peacefulqode.co.in/themes/agritex/contact-us.html]
[peacefulqode.co.in/themes/agritex/rev/assets/page-1/1-4.png]
[peacefulqode.co.in/themes/agritex/rev/assets/page-1/group_14610462.png]
[peacefulqode.co.in/themes/agritex/rev/assets/page-1/2-3.png]
[peacefulqode.co.in/themes/agritex/rev/assets/page-1/3-3.png]
[peacefulqode.co.in/themes/agritex/image/about/about-us-img-1.png]
[peacefulqode.co.in/themes/agritex/image/about/about-us-img-2.png]
[peacefulqode.co.in/themes/agritex/image/service/services-bottom-image.png]
[peacefulqode.co.in/themes/agritex/image/section-image/group_1727.png]
[peacefulqode.co.in/themes/agritex/image/service/about-bottom-image-1.png]
[peacefulqode.co.in/themes/agritex/image/service/style-1/service-img-1.png]
[peacefulqode.co.in/themes/agritex/image/service/style-1/service-img-2.png]
[peacefulqode.co.in/themes/agritex/image/service/style-1/service-img-3.png]
[peacefulqode.co.in/themes/agritex/image/service/style-1/service-img-4.png]
[peacefulqode.co.in/themes/agritex/image/service/style-1/service-img-5.png]
[peacefulqode.co.in/themes/agritex/image/image-box/Project-image-8.png]
[peacefulqode.co.in/themes/agritex/image/image-box/Project-image-6.png]
[peacefulqode.co.in/themes/agritex/image/image-box/Project-image-7.png]
[peacefulqode.co.in/themes/agritex/image/image-box/Project-image-2-1.png]
[peacefulqode.co.in/themes/agritex/image/popup/popup-animation.png]
[peacefulqode.co.in/themes/agritex/image/background-image/project-bottom-image.png]
[peacefulqode.co.in/themes/agritex/image/section-image/group_14610462.png]
[peacefulqode.co.in/themes/agritex/image/service/style-2/service-image-bg-3.png]
[peacefulqode.co.in/themes/agritex/image/service/style-2/service-img-6.png]
[peacefulqode.co.in/themes/agritex/image/service/style-2/service-img-7.png]
[peacefulqode.co.in/themes/agritex/image/service/style-2/service-img-8.png]
[peacefulqode.co.in/themes/agritex/image/service/style-2/service-img-9.png]
[peacefulqode.co.in/themes/agritex/image/service/style-2/service-img-10.png]
[peacefulqode.co.in/themes/agritex/image/service/style-2/service-img-11.png]
[peacefulqode.co.in/themes/agritex/image/client-box/style-1/1-3.png]
[peacefulqode.co.in/themes/agritex/image/client-box/style-1/2-2.png]
[peacefulqode.co.in/themes/agritex/image/client-box/style-1/3-2.png]
[peacefulqode.co.in/themes/agritex/image/client-box/style-1/4-2.png]
[peacefulqode.co.in/themes/agritex/image/client-box/style-1/5-2.png]
[peacefulqode.co.in/themes/agritex/image/client-box/style-1/6-2.png]
[peacefulqode.co.in/themes/agritex/image/team/style-1/team-img-1.png]
[peacefulqode.co.in/themes/agritex/image/team/style-1/team-img-2.png]
[peacefulqode.co.in/themes/agritex/image/team/style-1/team-img-3.png]
[peacefulqode.co.in/themes/agritex/image/team/style-1/team-img-4.png]
[peacefulqode.co.in/themes/agritex/image/team/style-1/team-img-5.png]
[peacefulqode.co.in/themes/agritex/image/team/style-1/team-img-6.png]
[peacefulqode.co.in/themes/agritex/image/testimonial-box/style-3/testimonial-img-1.png]
[peacefulqode.co.in/themes/agritex/image/blog/style-1/blog-image-11-600x343.png]
[peacefulqode.co.in/themes/agritex/image/blog/style-1/blog-image-5-600x343.png]
[peacefulqode.co.in/themes/agritex/image/blog/style-1/blog-image-1-600x343.png]
[peacefulqode.co.in/themes/agritex/image/logo/logo2.png]
[peacefulqode.co.in/themes/agritex/js/jquery-3.7.1.js]
[peacefulqode.co.in/themes/agritex/js/bootstrap.min.js]
[peacefulqode.co.in/themes/agritex/js/rev-custom.js]
[peacefulqode.co.in/themes/agritex/rev/js/rs6.min.js]
[peacefulqode.co.in/themes/agritex/rev/js/rbtools.min.js]
[peacefulqode.co.in/themes/agritex/js/gsap.min.js]
[peacefulqode.co.in/themes/agritex/js/ScrollTrigger.min.js]
[peacefulqode.co.in/themes/agritex/js/jquery.magnific-popup.min.js]
[peacefulqode.co.in/themes/agritex/js/owl.carousel.js]
[peacefulqode.co.in/themes/agritex/js/isotope.pkgd.min.js]
[peacefulqode.co.in/themes/agritex/js/load-more.js]
[peacefulqode.co.in/themes/agritex/js/wow.min.js]
[peacefulqode.co.in/themes/agritex/js/custom.js]
[img1.wsimg.com/signals/js/clients/scc-c2/scc-c2.min.js]
[peacefulqode.co.in/themes/agritex/index.html]
[peacefulqode.co.in/themes/agritex/css/bootstrap.min.css]
[peacefulqode.co.in/themes/agritex/rev/fonts/revicons/revicons90c6.eot]
[peacefulqode.co.in/themes/agritex/rev/fonts/revicons/revicons90c6.woff]
[peacefulqode.co.in/themes/agritex/rev/fonts/revicons/revicons90c6.ttf]
[peacefulqode.co.in/themes/agritex/rev/css/rs6.css]
[peacefulqode.co.in/themes/agritex/css/animations.min.css]
[peacefulqode.co.in/themes/agritex/css/owl.carousel.css]
[peacefulqode.co.in/themes/agritex/css/magnific-popup.min.css]
[peacefulqode.co.in/themes/agritex/font/flaticons_1/flaticon_agricultureb1f1.woff2]
[peacefulqode.co.in/themes/agritex/font/flaticons_1/flaticon_agriculture.css]
[peacefulqode.co.in/themes/agritex/font/flaticons_2/flaticon_mycollection7bc3.woff2]
[peacefulqode.co.in/themes/agritex/font/flaticons_2/flaticon_mycollection.css]
[peacefulqode.co.in/themes/agritex/font/ionicons/ionicons28b5.ttf]
[peacefulqode.co.in/themes/agritex/font/ionicons/ionicons.min.css]
[peacefulqode.co.in/themes/agritex/font/themify-icons/themify9f24.woff]
[peacefulqode.co.in/themes/agritex/font/themify-icons/themify-icons.css]
[peacefulqode.co.in/themes/agritex/font/font-awesome/webfonts/fa-brands-400.woff2]
[peacefulqode.co.in/themes/agritex/font/font-awesome/webfonts/fa-brands-400.ttf]
[peacefulqode.co.in/themes/agritex/font/font-awesome/webfonts/fa-regular-400.woff2]
[peacefulqode.co.in/themes/agritex/font/font-awesome/webfonts/fa-regular-400.ttf]
[peacefulqode.co.in/themes/agritex/font/font-awesome/webfonts/fa-solid-900.woff2]
[peacefulqode.co.in/themes/agritex/font/font-awesome/webfonts/fa-solid-900.ttf]
[peacefulqode.co.in/themes/agritex/font/font-awesome/webfonts/fa-v4compatibility.woff2]
[peacefulqode.co.in/themes/agritex/font/font-awesome/webfonts/fa-v4compatibility.ttf]
[peacefulqode.co.in/themes/agritex/font/font-awesome/css/all.min.css]
[peacefulqode.co.in/themes/agritex/font/clashdisplay/ClashDisplay-Extralight.woff2]
[peacefulqode.co.in/themes/agritex/font/clashdisplay/ClashDisplay-Extralight.woff]
[peacefulqode.co.in/themes/agritex/font/clashdisplay/ClashDisplay-Extralight.ttf]
[peacefulqode.co.in/themes/agritex/font/clashdisplay/ClashDisplay-Light.woff2]
[peacefulqode.co.in/themes/agritex/font/clashdisplay/ClashDisplay-Light.woff]
[peacefulqode.co.in/themes/agritex/font/clashdisplay/ClashDisplay-Light.ttf]
[peacefulqode.co.in/themes/agritex/font/clashdisplay/ClashDisplay-Regular.woff2]
[peacefulqode.co.in/themes/agritex/font/clashdisplay/ClashDisplay-Regular.woff]
[peacefulqode.co.in/themes/agritex/font/clashdisplay/ClashDisplay-Regular.ttf]
[peacefulqode.co.in/themes/agritex/font/clashdisplay/ClashDisplay-Medium.woff2]
[peacefulqode.co.in/themes/agritex/font/clashdisplay/ClashDisplay-Medium.woff]
[peacefulqode.co.in/themes/agritex/font/clashdisplay/ClashDisplay-Medium.ttf]
[peacefulqode.co.in/themes/agritex/font/clashdisplay/ClashDisplay-Semibold.woff2]
[peacefulqode.co.in/themes/agritex/font/clashdisplay/ClashDisplay-Semibold.woff]
[peacefulqode.co.in/themes/agritex/font/clashdisplay/ClashDisplay-Semibold.ttf]
[peacefulqode.co.in/themes/agritex/font/clashdisplay/ClashDisplay-Bold.woff2]
[peacefulqode.co.in/themes/agritex/font/clashdisplay/ClashDisplay-Bold.woff]
[peacefulqode.co.in/themes/agritex/font/clashdisplay/ClashDisplay-Bold.ttf]
[peacefulqode.co.in/themes/agritex/image/breadcrumb/about-us-bg-image-scaled.png]
[peacefulqode.co.in/themes/agritex/image/video/vedio-pop-image.png]
[peacefulqode.co.in/themes/agritex/image/video/blog-image-3.png]
[peacefulqode.co.in/themes/agritex/image/blog/blog-image-3.png]
[peacefulqode.co.in/themes/agritex/css/style.css]
[peacefulqode.co.in/themes/agritex/index-2.html]
[peacefulqode.co.in/themes/agritex/rev/assets/page-2/transparent.png]
[peacefulqode.co.in/themes/agritex/rev/assets/page-2/about-bottom-image-1.png]
[peacefulqode.co.in/themes/agritex/rev/assets/page-2/1.png]
[peacefulqode.co.in/themes/agritex/rev/assets/page-2/services-bottom-image.png]
[peacefulqode.co.in/themes/agritex/rev/assets/page-2/group_1727.png]
[peacefulqode.co.in/themes/agritex/rev/assets/page-2/2-4.png]
[peacefulqode.co.in/themes/agritex/rev/assets/page-2/3-4.png]
[peacefulqode.co.in/themes/agritex/image/service/style-3/service-img-12.png]
[peacefulqode.co.in/themes/agritex/image/service/style-3/service-img-13.png]
[peacefulqode.co.in/themes/agritex/image/service/style-3/service-img-14.png]
[peacefulqode.co.in/themes/agritex/image/service/style-3/service-img-15.png]
[peacefulqode.co.in/themes/agritex/image/service/style-3/service-img-16.png]
[peacefulqode.co.in/themes/agritex/image/service/style-3/service-img-17.png]
[peacefulqode.co.in/themes/agritex/image/about/h2-about-us-img-1.png]
[peacefulqode.co.in/themes/agritex/image/about/h2-about-us-img-2.png]
[peacefulqode.co.in/themes/agritex/image/fancy-box/style-1/fancy-box-img-1.png]
[peacefulqode.co.in/themes/agritex/image/icon-box/1.png]
[peacefulqode.co.in/themes/agritex/image/icon-box/icon-img-2.png]
[peacefulqode.co.in/themes/agritex/image/icon-box/icon-img-3.png]
[peacefulqode.co.in/themes/agritex/image/icon-box/icon-img-4.png]
[peacefulqode.co.in/themes/agritex/image/icon-box/icon-img-5.png]
[peacefulqode.co.in/themes/agritex/image/icon-box/icon-img-6.png]
[peacefulqode.co.in/themes/agritex/image/icon-box/icon-img-7.png]
[peacefulqode.co.in/themes/agritex/image/fancy-box/style-1/shop-fancybox-i-mg-6.png]
[peacefulqode.co.in/themes/agritex/image/fancy-box/style-1/shop-fancybox-img-2.png]
[peacefulqode.co.in/themes/agritex/image/fancy-box/style-1/shop-fancybox-img-3.png]
[peacefulqode.co.in/themes/agritex/image/fancy-box/style-1/shop-fancybox-img-4.png]
[peacefulqode.co.in/themes/agritex/image/fancy-box/style-1/shop-fancybox-img-5.png]
[peacefulqode.co.in/themes/agritex/image/fancy-box/style-1/shop-fancybox-img-6.png]
[peacefulqode.co.in/themes/agritex/image/testimonial-box/style-1/testimonial-img-1-1.png]
[peacefulqode.co.in/themes/agritex/image/testimonial-box/style-1/testimonial-img-2.png]
[peacefulqode.co.in/themes/agritex/image/testimonial-box/style-1/testimonial-img-3.png]
[peacefulqode.co.in/themes/agritex/image/testimonial-box/style-1/testimonial-img-4.png]
[peacefulqode.co.in/themes/agritex/image/testimonial-box/style-1/testimonial-img-5.png]
[peacefulqode.co.in/themes/agritex/image/client-box/style-2/1-2.png]
[peacefulqode.co.in/themes/agritex/image/client-box/style-2/2.png]
[peacefulqode.co.in/themes/agritex/image/client-box/style-2/3.png]
[peacefulqode.co.in/themes/agritex/image/client-box/style-2/6.png]
[peacefulqode.co.in/themes/agritex/image/client-box/style-2/7.png]
[peacefulqode.co.in/themes/agritex/index-3.html]
[peacefulqode.co.in/themes/agritex/rev/assets/page-3/1-2.png]
[peacefulqode.co.in/themes/agritex/rev/assets/page-3/group_1727.png]
[peacefulqode.co.in/themes/agritex/rev/assets/page-3/2-5.png]
[peacefulqode.co.in/themes/agritex/rev/assets/page-3/3-5.png]
[peacefulqode.co.in/themes/agritex/image/icon-logo/icon-logo.png]
[peacefulqode.co.in/themes/agritex/image/image.png]
[peacefulqode.co.in/themes/agritex/image/image-box/style-2/shop-img-7.png]
[peacefulqode.co.in/themes/agritex/image/image-box/style-2/shop-img-5.png]
[peacefulqode.co.in/themes/agritex/image/image-box/style-2/shop-img-2.png]
[peacefulqode.co.in/themes/agritex/image/image-box/style-2/shop-img-4.png]
[peacefulqode.co.in/themes/agritex/image/service/style-4/service-img-18.png]
[peacefulqode.co.in/themes/agritex/image/service/style-4/service-img-19.png]
[peacefulqode.co.in/themes/agritex/image/service/style-4/service-img-21.png]
[peacefulqode.co.in/themes/agritex/image/service/style-4/service-img-20.png]
[peacefulqode.co.in/themes/agritex/image/about/h3-about-us-img-1.png]
[peacefulqode.co.in/themes/agritex/image/about/h3-about-us-img-2.png]
[peacefulqode.co.in/themes/agritex/image/about/h3-about-us-img-3.png]
[peacefulqode.co.in/themes/agritex/image/portfolio/style-1/Project-image-9.png]
[peacefulqode.co.in/themes/agritex/image/portfolio/style-1/Project-image-2-1.png]
[peacefulqode.co.in/themes/agritex/image/portfolio/style-1/Project-image-8.png]
[peacefulqode.co.in/themes/agritex/image/portfolio/style-1/Project-image-6.png]
[peacefulqode.co.in/themes/agritex/image/portfolio/style-1/Project-image-4-1.png]
[peacefulqode.co.in/themes/agritex/image/portfolio/style-1/Project-image-7.png]
[peacefulqode.co.in/themes/agritex/image/portfolio/style-1/Project-image-3-1.png]
[peacefulqode.co.in/themes/agritex/image/portfolio/style-1/Project-image-10.png]
[peacefulqode.co.in/themes/agritex/image/portfolio/style-1/Project-image-5.png]
[peacefulqode.co.in/themes/agritex/image/portfolio/style-1/Project-image-1-1.png]
[peacefulqode.co.in/themes/agritex/image/tab/about-bottom-image-1.png]
[peacefulqode.co.in/themes/agritex/image/tab/shop-fancybox-i-mg-6.png]
[peacefulqode.co.in/themes/agritex/image/tab/shop-fancybox-img-3.png]
[peacefulqode.co.in/themes/agritex/image/tab/shop-fancybox-img-4.png]
[peacefulqode.co.in/themes/agritex/image/tab/shop-fancybox-img-5.png]
[peacefulqode.co.in/themes/agritex/image/tab/shop-fancybox-img-6.png]
[peacefulqode.co.in/themes/agritex/image/tab/shop-fancybox-img-2.png]
[peacefulqode.co.in/themes/agritex/image/testimonial-box/style-2/testimonial-img-5.png]
[peacefulqode.co.in/themes/agritex/image/testimonial-box/style-2/testimonial-img-1-1.png]
[peacefulqode.co.in/themes/agritex/image/testimonial-box/style-2/testimonial-img-2.png]
[peacefulqode.co.in/themes/agritex/image/accordion/accordion-img-1.png]
[peacefulqode.co.in/themes/agritex/index-4.html]
[peacefulqode.co.in/themes/agritex/about-us.html]
[peacefulqode.co.in/themes/agritex/our-service.html]
[peacefulqode.co.in/themes/agritex/our-farmers.html]
[peacefulqode.co.in/themes/agritex/farm-gallery.html]
[peacefulqode.co.in/themes/agritex/our-history.html]
[peacefulqode.co.in/themes/agritex/pricing-plan.html]
[peacefulqode.co.in/themes/agritex/faq.html]
[peacefulqode.co.in/themes/agritex/404.html]
[peacefulqode.co.in/themes/agritex/image/stander/Project-image-9-600x650.png]
[peacefulqode.co.in/themes/agritex/image/stander/Project-image-2-1-1140x700.png]
[peacefulqode.co.in/themes/agritex/image/stander/Project-image-8-600x650.png]
[peacefulqode.co.in/themes/agritex/image/stander/Project-image-4-1-1140x700.png]
[peacefulqode.co.in/themes/agritex/image/stander/Project-image-6-600x650.png]
[peacefulqode.co.in/themes/agritex/image/stander/Project-image-7-1140x700.png]
[peacefulqode.co.in/themes/agritex/image/stander/Project-image-3-1-600x650.png]
[peacefulqode.co.in/themes/agritex/image/stander/Project-image-10-1140x700.png]
[peacefulqode.co.in/themes/agritex/image/stander/Project-image-5-600x650.png]
[peacefulqode.co.in/themes/agritex/image/stander/Project-image-1-1-600x650.png]
[peacefulqode.co.in/themes/agritex/stander.html]
[peacefulqode.co.in/themes/agritex/image/masonry/Project-image-9-800x800.png]
[peacefulqode.co.in/themes/agritex/image/masonry/Project-image-2-1-500x500.png]
[peacefulqode.co.in/themes/agritex/image/masonry/Project-image-8-500x500.png]
[peacefulqode.co.in/themes/agritex/image/masonry/Project-image-6-800x400.png]
[peacefulqode.co.in/themes/agritex/image/masonry/Project-image-4-1-500x500.png]
[peacefulqode.co.in/themes/agritex/image/masonry/Project-image-7-500x500.png]
[peacefulqode.co.in/themes/agritex/image/masonry/Project-image-3-1-800x800.png]
[peacefulqode.co.in/themes/agritex/image/masonry/Project-image-10-500x500.png]
[peacefulqode.co.in/themes/agritex/image/masonry/Project-image-5-500x500.png]
[peacefulqode.co.in/themes/agritex/image/masonry/Project-image-1-1-800x400.png]
[peacefulqode.co.in/themes/agritex/masonery.html]
[peacefulqode.co.in/themes/agritex/image/3-column/Project-image-9-600x600.png]
[peacefulqode.co.in/themes/agritex/image/3-column/Project-image-2-1-700x700.png]
[peacefulqode.co.in/themes/agritex/image/3-column/Project-image-8-600x600.png]
[peacefulqode.co.in/themes/agritex/image/3-column/Project-image-6-600x600.png]
[peacefulqode.co.in/themes/agritex/image/3-column/Project-image-4-1-700x700.png]
[peacefulqode.co.in/themes/agritex/image/3-column/Project-image-7-700x700.png]
[peacefulqode.co.in/themes/agritex/image/3-column/Project-image-3-1-600x600.png]
[peacefulqode.co.in/themes/agritex/image/3-column/Project-image-10-700x700.png]
[peacefulqode.co.in/themes/agritex/image/3-column/Project-image-5-600x600.png]
[peacefulqode.co.in/themes/agritex/image/3-column/Project-image-1-1-600x600.png]
[peacefulqode.co.in/themes/agritex/3-column.html]
[peacefulqode.co.in/themes/agritex/4-column.html]
[peacefulqode.co.in/themes/agritex/image/portfolio/portfolio-single/blog-image-5.png]
[peacefulqode.co.in/themes/agritex/image/portfolio/portfolio-single/blog-image-4.png]
[peacefulqode.co.in/themes/agritex/image/portfolio/portfolio-single/blog-image-7.png]
[peacefulqode.co.in/themes/agritex/image/portfolio/portfolio-single/blog-image-9.png]
[peacefulqode.co.in/themes/agritex/image/portfolio/portfolio-single/blog-image-11-2048x1170.png]
[peacefulqode.co.in/themes/agritex/portfolio-details.html]
[peacefulqode.co.in/themes/agritex/image/blog/blog-image-11.png]
[peacefulqode.co.in/themes/agritex/image/blog/blog-image-5.png]
[peacefulqode.co.in/themes/agritex/image/blog/blog-image-1.png]
[peacefulqode.co.in/themes/agritex/image/blog/blog-image-4.png]
[peacefulqode.co.in/themes/agritex/image/blog/blog-image-9.png]
[peacefulqode.co.in/themes/agritex/blog-grid.html]
[peacefulqode.co.in/themes/agritex/blog-list.html]
[peacefulqode.co.in/themes/agritex/image/blog/service-img-18.png]
[peacefulqode.co.in/themes/agritex/blog-sidebar-right-sidebar.html]
[peacefulqode.co.in/themes/agritex/blog-sidebar-left-sidebar.html]
[peacefulqode.co.in/themes/agritex/image/blog/75d23af433e0cea4c0e45a56dba18b30.png]
[peacefulqode.co.in/themes/agritex/blog-single.html]
[peacefulqode.co.in/themes/agritex/contact-us.html]
[peacefulqode.co.in/themes/agritex/rev/fonts/revicons/revicons90c6.svg]
[peacefulqode.co.in/themes/agritex/rev/css/openhand.html]
[peacefulqode.co.in/themes/agritex/rev/css/closedhand.html]
[peacefulqode.co.in/themes/agritex/rev/assets/gridtile.html]
[peacefulqode.co.in/themes/agritex/rev/assets/gridtile_white.html]
[peacefulqode.co.in/themes/agritex/rev/assets/gridtile_3x3.html]
[peacefulqode.co.in/themes/agritex/rev/assets/gridtile_3x3_white.html]
[peacefulqode.co.in/themes/agritex/rev/assets/coloredbg.html]
[peacefulqode.co.in/themes/agritex/rev/assets/loader.html]
[peacefulqode.co.in/themes/agritex/css/owl.video.play.html]
[peacefulqode.co.in/themes/agritex/font/flaticons_1/flaticon_agricultureb1f1.html]
[peacefulqode.co.in/themes/agritex/font/flaticons_1/flaticon_agricultureb1f1-2.html]
[peacefulqode.co.in/themes/agritex/font/flaticons_1/flaticon_agricultureb1f1-3.html]
[peacefulqode.co.in/themes/agritex/font/flaticons_1/flaticon_agricultureb1f1-4.html]
[peacefulqode.co.in/themes/agritex/font/flaticons_2/flaticon_mycollection7bc3.html]
[peacefulqode.co.in/themes/agritex/font/flaticons_2/flaticon_mycollection7bc3-2.html]
[peacefulqode.co.in/themes/agritex/font/flaticons_2/flaticon_mycollection7bc3-3.html]
[peacefulqode.co.in/themes/agritex/font/flaticons_2/flaticon_mycollection7bc3-4.html]
[peacefulqode.co.in/themes/agritex/font/ionicons/ionicons28b5.html]
[peacefulqode.co.in/themes/agritex/font/ionicons/ionicons28b5-2.html]
[peacefulqode.co.in/themes/agritex/font/ionicons/ionicons28b5-3.html]
[peacefulqode.co.in/themes/agritex/font/themify-icons/themify9f24.html]
[peacefulqode.co.in/themes/agritex/font/themify-icons/themifyd41d.html]
[peacefulqode.co.in/themes/agritex/font/themify-icons/themify9f24-2.html]
[peacefulqode.co.in/themes/agritex/font/themify-icons/themify9f24-3.html]
